Release 14.7 Map P.20131013 (lin64)
Xilinx Mapping Report File for Design 'fpga'

Design Information
------------------
Command Line   : map -intstyle ise -p xc6slx9-tqg144-2 -w -logic_opt off -ol
high -t 1 -xt 0 -register_duplication off -r 4 -global_opt off -mt off -ir off
-pr b -lc off -power off -o fpga_map.ncd fpga.ngd fpga.pcf 
Target Device  : xc6slx9
Target Package : tqg144
Target Speed   : -2
Mapper Version : spartan6 -- $Revision: 1.55 $
Mapped Date    : Wed Jun 24 22:50:37 2026

Design Summary
--------------
Number of errors:      0
Number of warnings:   20
Slice Logic Utilization:
  Number of Slice Registers:                 5,167 out of  11,440   45%
    Number used as Flip Flops:               5,156
    Number used as Latches:                      0
    Number used as Latch-thrus:                  0
    Number used as AND/OR logics:               11
  Number of Slice LUTs:                      5,091 out of   5,720   89%
    Number used as logic:                    4,737 out of   5,720   82%
      Number using O6 output only:           3,051
      Number using O5 output only:             750
      Number using O5 and O6:                  936
      Number used as ROM:                        0
    Number used as Memory:                     120 out of   1,440    8%
      Number used as Dual Port RAM:            116
        Number using O6 output only:            20
        Number using O5 output only:             0
        Number using O5 and O6:                 96
      Number used as Single Port RAM:            0
      Number used as Shift Register:             4
        Number using O6 output only:             4
        Number using O5 output only:             0
        Number using O5 and O6:                  0
    Number used exclusively as route-thrus:    234
      Number with same-slice register load:    202
      Number with same-slice carry load:        32
      Number with other load:                    0

Slice Logic Distribution:
  Number of occupied Slices:                 1,426 out of   1,430   99%
  Number of MUXCYs used:                     1,304 out of   2,860   45%
  Number of LUT Flip Flop pairs used:        5,491
    Number with an unused Flip Flop:           998 out of   5,491   18%
    Number with an unused LUT:                 400 out of   5,491    7%
    Number of fully used LUT-FF pairs:       4,093 out of   5,491   74%
    Number of unique control sets:             180
    Number of slice register sites lost
      to control set restrictions:             484 out of  11,440    4%

  A LUT Flip Flop pair for this architecture represents one LUT paired with
  one Flip Flop within a slice.  A control set is a unique combination of
  clock, reset, set, and enable signals for a registered element.
  The Slice Logic Distribution report is not meaningful if the design is
  over-mapped for a non-slice resource or if Placement fails.

IO Utilization:
  Number of bonded IOBs:                        40 out of     102   39%
    Number of LOCed IOBs:                       40 out of      40  100%
    IOB Flip Flops:                             24

Specific Feature Utilization:
  Number of RAMB16BWERs:                         6 out of      32   18%
  Number of RAMB8BWERs:                          5 out of      64    7%
  Number of BUFIO2/BUFIO2_2CLKs:                 1 out of      32    3%
    Number used as BUFIO2s:                      1
    Number used as BUFIO2_2CLKs:                 0
  Number of BUFIO2FB/BUFIO2FB_2CLKs:             1 out of      32    3%
    Number used as BUFIO2FBs:                    1
    Number used as BUFIO2FB_2CLKs:               0
  Number of BUFG/BUFGMUXs:                       4 out of      16   25%
    Number used as BUFGs:                        4
    Number used as BUFGMUX:                      0
  Number of DCM/DCM_CLKGENs:                     0 out of       4    0%
  Number of ILOGIC2/ISERDES2s:                  16 out of     200    8%
    Number used as ILOGIC2s:                    16
    Number used as ISERDES2s:                    0
  Number of IODELAY2/IODRP2/IODRP2_MCBs:         0 out of     200    0%
  Number of OLOGIC2/OSERDES2s:                   8 out of     200    4%
    Number used as OLOGIC2s:                     8
    Number used as OSERDES2s:                    0
  Number of BSCANs:                              0 out of       4    0%
  Number of BUFHs:                               0 out of     128    0%
  Number of BUFPLLs:                             0 out of       8    0%
  Number of BUFPLL_MCBs:                         0 out of       4    0%
  Number of DSP48A1s:                            0 out of      16    0%
  Number of ICAPs:                               0 out of       1    0%
  Number of MCBs:                                0 out of       2    0%
  Number of PCILOGICSEs:                         0 out of       2    0%
  Number of PLL_ADVs:                            1 out of       2   50%
  Number of PMVs:                                0 out of       1    0%
  Number of STARTUPs:                            0 out of       1    0%
  Number of SUSPEND_SYNCs:                       0 out of       1    0%

Average Fanout of Non-Clock Nets:                3.79

Peak Memory Usage:  905 MB
Total REAL time to MAP completion:  2 mins 22 secs 
Total CPU time to MAP completion:   2 mins 1 secs 

Table of Contents
-----------------
Section 1 - Errors
Section 2 - Warnings
Section 3 - Informational
Section 4 - Removed Logic Summary
Section 5 - Removed Logic
Section 6 - IOB Properties
Section 7 - RPMs
Section 8 - Guide Report
Section 9 - Area Group and Partition Summary
Section 10 - Timing Report
Section 11 - Configuration String Information
Section 12 - Control Set Information
Section 13 - Utilization by Hierarchy

Section 1 - Errors
------------------

Section 2 - Warnings
--------------------
WARNING:Security:42 - Your software subscription period has lapsed. Your current
version of Xilinx tools will continue to function, but you no longer qualify for
Xilinx software updates or new releases.
WARNING:PhysDesignRules:367 - The signal
   <core_inst/udp_complete_inst/udp_inst/udp_checksum_gen_inst/Mram_ip_dest_ip_m
   em2_RAMD_D1_O> is incomplete. The signal does not drive any load pins in the
   design.
WARNING:PhysDesignRules:367 - The signal
   <core_inst/udp_complete_inst/udp_inst/udp_checksum_gen_inst/Mram_ip_source_ip
   _mem3_RAMD_D1_O> is incomplete. The signal does not drive any load pins in
   the design.
WARNING:PhysDesignRules:367 - The signal
   <core_inst/udp_complete_inst/udp_inst/udp_checksum_gen_inst/Mram_ip_dest_ip_m
   em1_RAMD_D1_O> is incomplete. The signal does not drive any load pins in the
   design.
WARNING:PhysDesignRules:367 - The signal
   <core_inst/udp_complete_inst/udp_inst/udp_checksum_gen_inst/Mram_ip_dest_ip_m
   em3_RAMD_D1_O> is incomplete. The signal does not drive any load pins in the
   design.
WARNING:PhysDesignRules:367 - The signal
   <core_inst/udp_complete_inst/udp_inst/udp_checksum_gen_inst/Mram_ip_source_ip
   _mem4_RAMD_D1_O> is incomplete. The signal does not drive any load pins in
   the design.
WARNING:PhysDesignRules:367 - The signal
   <core_inst/udp_complete_inst/udp_inst/udp_checksum_gen_inst/Mram_ip_source_ip
   _mem5_RAMD_D1_O> is incomplete. The signal does not drive any load pins in
   the design.
WARNING:PhysDesignRules:367 - The signal
   <core_inst/udp_complete_inst/udp_inst/udp_checksum_gen_inst/Mram_udp_source_p
   ort_mem1_RAMD_D1_O> is incomplete. The signal does not drive any load pins in
   the design.
WARNING:PhysDesignRules:367 - The signal
   <core_inst/udp_complete_inst/udp_inst/udp_checksum_gen_inst/Mram_udp_length_m
   em1_RAMD_D1_O> is incomplete. The signal does not drive any load pins in the
   design.
WARNING:PhysDesignRules:367 - The signal
   <core_inst/udp_complete_inst/udp_inst/udp_checksum_gen_inst/Mram_udp_source_p
   ort_mem2_RAMD_D1_O> is incomplete. The signal does not drive any load pins in
   the design.
WARNING:PhysDesignRules:367 - The signal
   <core_inst/udp_complete_inst/udp_inst/udp_checksum_gen_inst/Mram_udp_checksum
   _mem1_RAMD_D1_O> is incomplete. The signal does not drive any load pins in
   the design.
WARNING:PhysDesignRules:367 - The signal
   <core_inst/udp_complete_inst/udp_inst/udp_checksum_gen_inst/Mram_ip_dest_ip_m
   em4_RAMD_D1_O> is incomplete. The signal does not drive any load pins in the
   design.
WARNING:PhysDesignRules:367 - The signal
   <core_inst/udp_complete_inst/udp_inst/udp_checksum_gen_inst/Mram_ip_dest_ip_m
   em5_RAMD_D1_O> is incomplete. The signal does not drive any load pins in the
   design.
WARNING:PhysDesignRules:367 - The signal
   <core_inst/udp_complete_inst/udp_inst/udp_checksum_gen_inst/Mram_udp_dest_por
   t_mem2_RAMD_D1_O> is incomplete. The signal does not drive any load pins in
   the design.
WARNING:PhysDesignRules:367 - The signal
   <core_inst/udp_complete_inst/udp_inst/udp_checksum_gen_inst/Mram_udp_length_m
   em2_RAMD_D1_O> is incomplete. The signal does not drive any load pins in the
   design.
WARNING:PhysDesignRules:367 - The signal
   <core_inst/udp_complete_inst/udp_inst/udp_checksum_gen_inst/Mram_ip_source_ip
   _mem2_RAMD_D1_O> is incomplete. The signal does not drive any load pins in
   the design.
WARNING:PhysDesignRules:367 - The signal
   <core_inst/udp_complete_inst/udp_inst/udp_checksum_gen_inst/Mram_ip_source_ip
   _mem1_RAMD_D1_O> is incomplete. The signal does not drive any load pins in
   the design.
WARNING:PhysDesignRules:367 - The signal
   <core_inst/udp_complete_inst/udp_inst/udp_checksum_gen_inst/Mram_ip_ttl_mem1_
   RAMD_D1_O> is incomplete. The signal does not drive any load pins in the
   design.
WARNING:PhysDesignRules:367 - The signal
   <core_inst/udp_complete_inst/udp_inst/udp_checksum_gen_inst/Mram_udp_dest_por
   t_mem1_RAMD_D1_O> is incomplete. The signal does not drive any load pins in
   the design.
WARNING:PhysDesignRules:367 - The signal
   <core_inst/udp_complete_inst/udp_inst/udp_checksum_gen_inst/Mram_udp_checksum
   _mem2_RAMD_D1_O> is incomplete. The signal does not drive any load pins in
   the design.
WARNING:PhysDesignRules:2410 - This design is using one or more 9K Block RAMs
   (RAMB8BWER).  9K Block RAM initialization data, both user defined and
   default, may be incorrect and should not be used.  For more information,
   please reference Xilinx Answer Record 39999.

Section 3 - Informational
-------------------------
INFO:Security:54 - 'xc6slx9' is a WebPack part.
INFO:LIT:243 - Logical network rst has no load.
INFO:LIT:395 - The above info message is repeated 27 more times for the
   following (max. 5 shown):
   V3_3_IBUF,
   core_inst/udp_complete_inst/ip_complete_inst/arp_inst/arp_cache_inst/Mram_val
   id_mem4/SPO,
   core_inst/udp_complete_inst/ip_complete_inst/arp_inst/arp_cache_inst/Mram_val
   id_mem3/SPO,
   core_inst/udp_complete_inst/ip_complete_inst/arp_inst/arp_cache_inst/Mram_val
   id_mem2/SPO,
   core_inst/udp_complete_inst/ip_complete_inst/arp_inst/arp_cache_inst/Mram_val
   id_mem1/SPO
   To see the details of these info messages, please use the -detail switch.
INFO:MapLib:562 - No environment variables are currently set.
INFO:LIT:244 - All of the single ended outputs in this design are using slew
   rate limited output drivers. The delay on speed critical single ended outputs
   can be dramatically reduced by designating them as fast outputs.
INFO:Pack:1716 - Initializing temperature to 85.000 Celsius. (default - Range:
   0.000 to 85.000 Celsius)
INFO:Pack:1720 - Initializing voltage to 1.140 Volts. (default - Range: 1.140 to
   1.260 Volts)
INFO:Map:215 - The Interim Design Summary has been generated in the MAP Report
   (.mrp).
INFO:Pack:1650 - Map created a placed design.

Section 4 - Removed Logic Summary
---------------------------------
   2 block(s) optimized away

Section 5 - Removed Logic
-------------------------

Optimized Block(s):
TYPE 		BLOCK
GND 		XST_GND
VCC 		XST_VCC

To enable printing of redundant blocks removed and signals merged, set the
detailed map report option and rerun map.

Section 6 - IOB Properties
--------------------------

+---------------------------------------------------------------------------------------------------------------------------------------------------------+
| IOB Name                           | Type             | Direction | IO Standard          | Diff  | Drive    | Slew | Reg (s)      | Resistor | IOB      |
|                                    |                  |           |                      | Term  | Strength | Rate |              |          | Delay    |
+---------------------------------------------------------------------------------------------------------------------------------------------------------+
| CLK_125MHZ                         | IOB              | INPUT     | LVCMOS33             |       |          |      |              |          |          |
| ENET0_GTX_CLK                      | IOB              | OUTPUT    | LVCMOS33             |       | 4        | SLOW | ODDR         |          |          |
| ENET0_INT_N                        | IOB              | INPUT     | LVCMOS33             |       |          |      |              |          |          |
| ENET0_RST_N                        | IOB              | OUTPUT    | LVCMOS33             |       | 12       | SLOW |              |          |          |
| ENET0_RX_CLK                       | IOB              | INPUT     | LVCMOS33             |       |          |      |              |          |          |
| ENET0_RX_DATA<0>                   | IOB              | INPUT     | LVCMOS33             |       |          |      | IDDR         |          |          |
| ENET0_RX_DATA<1>                   | IOB              | INPUT     | LVCMOS33             |       |          |      | IDDR         |          |          |
| ENET0_RX_DATA<2>                   | IOB              | INPUT     | LVCMOS33             |       |          |      | IDDR         |          |          |
| ENET0_RX_DATA<3>                   | IOB              | INPUT     | LVCMOS33             |       |          |      | IDDR         |          |          |
| ENET0_RX_DV                        | IOB              | INPUT     | LVCMOS33             |       |          |      | IDDR         |          |          |
| ENET0_TX_DATA<0>                   | IOB              | OUTPUT    | LVCMOS33             |       | 4        | SLOW | ODDR         |          |          |
| ENET0_TX_DATA<1>                   | IOB              | OUTPUT    | LVCMOS33             |       | 4        | SLOW | ODDR         |          |          |
| ENET0_TX_DATA<2>                   | IOB              | OUTPUT    | LVCMOS33             |       | 4        | SLOW | ODDR         |          |          |
| ENET0_TX_DATA<3>                   | IOB              | OUTPUT    | LVCMOS33             |       | 4        | SLOW | ODDR         |          |          |
| ENET0_TX_EN                        | IOB              | OUTPUT    | LVCMOS33             |       | 4        | SLOW | ODDR         |          |          |
| MDC                                | IOB              | OUTPUT    | LVCMOS33             |       | 12       | SLOW |              |          |          |
| MDIO                               | IOB              | BIDIR     | LVCMOS33             |       | 12       | SLOW | IFF          |          |          |
|                                    |                  |           |                      |       |          |      | OFF          |          |          |
| V3_3                               | IOB              | INPUT     | LVCMOS33             |       |          |      |              |          |          |
| clk                                | IOB              | INPUT     | LVCMOS33             |       |          |      |              |          |          |
| led<0>                             | IOB              | OUTPUT    | LVCMOS33             |       | 12       | SLOW |              |          |          |
| led<1>                             | IOB              | OUTPUT    | LVCMOS33             |       | 12       | SLOW |              |          |          |
| led<2>                             | IOB              | OUTPUT    | LVCMOS33             |       | 12       | SLOW |              |          |          |
| led<3>                             | IOB              | OUTPUT    | LVCMOS33             |       | 12       | SLOW |              |          |          |
| led<4>                             | IOB              | OUTPUT    | LVCMOS33             |       | 12       | SLOW |              |          |          |
| led<5>                             | IOB              | OUTPUT    | LVCMOS33             |       | 12       | SLOW |              |          |          |
| led<6>                             | IOB              | OUTPUT    | LVCMOS33             |       | 12       | SLOW |              |          |          |
| led<7>                             | IOB              | OUTPUT    | LVCMOS33             |       | 12       | SLOW |              |          |          |
| push<0>                            | IOB              | INPUT     | LVCMOS33             |       |          |      | IFF          |          |          |
| push<1>                            | IOB              | INPUT     | LVCMOS33             |       |          |      | IFF          |          |          |
| push<2>                            | IOB              | INPUT     | LVCMOS33             |       |          |      |              |          |          |
| rxd                                | IOB              | INPUT     | LVCMOS33             |       |          |      |              |          |          |
| sw<0>                              | IOB              | INPUT     | LVCMOS33             |       |          |      | IFF          |          |          |
| sw<1>                              | IOB              | INPUT     | LVCMOS33             |       |          |      | IFF          |          |          |
| sw<2>                              | IOB              | INPUT     | LVCMOS33             |       |          |      | IFF          |          |          |
| sw<3>                              | IOB              | INPUT     | LVCMOS33             |       |          |      | IFF          |          |          |
| sw<4>                              | IOB              | INPUT     | LVCMOS33             |       |          |      | IFF          |          |          |
| sw<5>                              | IOB              | INPUT     | LVCMOS33             |       |          |      | IFF          |          |          |
| sw<6>                              | IOB              | INPUT     | LVCMOS33             |       |          |      | IFF          |          |          |
| sw<7>                              | IOB              | INPUT     | LVCMOS33             |       |          |      | IFF          |          |          |
| txd                                | IOB              | OUTPUT    | LVCMOS33             |       | 12       | SLOW | OFF          |          |          |
+---------------------------------------------------------------------------------------------------------------------------------------------------------+

Section 7 - RPMs
----------------

Section 8 - Guide Report
------------------------
Guide not run on this design.

Section 9 - Area Group and Partition Summary
--------------------------------------------

Partition Implementation Status
-------------------------------

  No Partitions were found in this design.

-------------------------------

Area Group Information
----------------------

  No area groups were found in this design.

----------------------

Section 10 - Timing Report
--------------------------
A logic-level (pre-route) timing report can be generated by using Xilinx static
timing analysis tools, Timing Analyzer (GUI) or TRCE (command line), with the
mapped NCD and PCF files. Please note that this timing report will be generated
using estimated delay information. For accurate numbers, please generate a
timing report with the post Place and Route NCD file.

For more information about the Timing Analyzer, consult the Xilinx Timing
Analyzer Reference Manual; for more information about TRCE, consult the Xilinx
Command Line Tools User Guide "TRACE" chapter.

Section 11 - Configuration String Details
-----------------------------------------
Use the "-detail" map option to print out Configuration Strings

Section 12 - Control Set Information
------------------------------------
Use the "-detail" map option to print out Control Set Information.

Section 13 - Utilization by Hierarchy
-------------------------------------
Use the "-detail" map option to print out the Utilization by Hierarchy section.
