--------------------------------------------------------------------------------
Release 14.7 Trace  (lin64)
Copyright (c) 1995-2013 Xilinx, Inc.  All rights reserved.

/opt/Xilinx/14.7/ISE_DS/ISE/bin/lin64/unwrapped/trce -intstyle ise -v 3 -s 2 -n
3 -fastpaths -xml fpga.twx fpga.ncd -o fpga.twr fpga.pcf -ucf gbe_spartan-6.ucf

Design file:              fpga.ncd
Physical constraint file: fpga.pcf
Device,package,speed:     xc6slx9,tqg144,C,-2 (PRODUCTION 1.23 2013-10-13)
Report level:             verbose report

Environment Variable      Effect 
--------------------      ------ 
NONE                      No environment variables were set
--------------------------------------------------------------------------------

INFO:Timing:2698 - No timing constraints found, doing default enumeration.
INFO:Timing:3412 - To improve timing, see the Timing Closure User Guide (UG612).
INFO:Timing:2752 - To get complete path coverage, use the unconstrained paths 
   option. All paths that are not constrained will be reported in the 
   unconstrained paths section(s) of the report.
INFO:Timing:3339 - The clock-to-out numbers in this timing report are based on 
   a 50 Ohm transmission line loading model.  For the details of this model, 
   and for more information on accounting for different loading conditions, 
   please see the device datasheet.



Data Sheet report:
-----------------
All values displayed in nanoseconds (ns)

Setup/Hold to clock ENET0_RX_CLK
----------------+------------+------------+------------+------------+-----------------------------+--------+
                |Max Setup to|  Process   |Max Hold to |  Process   |                             | Clock  |
Source          | clk (edge) |   Corner   | clk (edge) |   Corner   |Internal Clock(s)            | Phase  |
----------------+------------+------------+------------+------------+-----------------------------+--------+
ENET0_RX_DATA<0>|   -0.340(R)|      FAST  |    2.021(R)|      SLOW  |core_inst/eth_mac_inst/rx_clk|   0.000|
                |   -0.268(F)|      FAST  |    1.959(F)|      SLOW  |core_inst/eth_mac_inst/rx_clk|   0.000|
ENET0_RX_DATA<1>|   -0.309(R)|      FAST  |    1.955(R)|      SLOW  |core_inst/eth_mac_inst/rx_clk|   0.000|
                |   -0.237(F)|      FAST  |    1.893(F)|      SLOW  |core_inst/eth_mac_inst/rx_clk|   0.000|
ENET0_RX_DATA<2>|   -0.307(R)|      FAST  |    1.953(R)|      SLOW  |core_inst/eth_mac_inst/rx_clk|   0.000|
                |   -0.235(F)|      FAST  |    1.891(F)|      SLOW  |core_inst/eth_mac_inst/rx_clk|   0.000|
ENET0_RX_DATA<3>|   -0.278(R)|      FAST  |    1.959(R)|      SLOW  |core_inst/eth_mac_inst/rx_clk|   0.000|
                |   -0.206(F)|      FAST  |    1.897(F)|      SLOW  |core_inst/eth_mac_inst/rx_clk|   0.000|
ENET0_RX_DV     |   -0.254(R)|      FAST  |    1.900(R)|      SLOW  |core_inst/eth_mac_inst/rx_clk|   0.000|
                |   -0.182(F)|      FAST  |    1.838(F)|      SLOW  |core_inst/eth_mac_inst/rx_clk|   0.000|
----------------+------------+------------+------------+------------+-----------------------------+--------+

Setup/Hold to clock clk
----------------+------------+------------+------------+------------+------------------+--------+
                |Max Setup to|  Process   |Max Hold to |  Process   |                  | Clock  |
Source          | clk (edge) |   Corner   | clk (edge) |   Corner   |Internal Clock(s) | Phase  |
----------------+------------+------------+------------+------------+------------------+--------+
ENET0_RX_DATA<0>|    9.498(R)|      SLOW  |   -3.447(R)|      FAST  |clk_int           |   0.000|
ENET0_RX_DV     |    9.428(R)|      SLOW  |   -3.452(R)|      FAST  |clk_int           |   0.000|
MDIO            |    2.990(R)|      SLOW  |   -1.572(R)|      FAST  |clk_int           |   0.000|
push<0>         |    2.974(R)|      SLOW  |   -1.455(R)|      FAST  |clk_int           |   0.000|
push<1>         |    2.867(R)|      SLOW  |   -1.455(R)|      FAST  |clk_int           |   0.000|
push<2>         |    9.912(R)|      SLOW  |   -5.076(R)|      FAST  |clk_int           |   0.000|
rxd             |    6.746(R)|      SLOW  |   -1.857(R)|      FAST  |clk_int           |   0.000|
sw<0>           |    2.703(R)|      SLOW  |   -1.266(R)|      FAST  |clk_int           |   0.000|
sw<1>           |    2.921(R)|      SLOW  |   -1.507(R)|      FAST  |clk_int           |   0.000|
sw<2>           |    3.327(R)|      SLOW  |   -1.683(R)|      FAST  |clk_int           |   0.000|
sw<3>           |    2.976(R)|      SLOW  |   -1.552(R)|      FAST  |clk_int           |   0.000|
sw<4>           |    3.447(R)|      SLOW  |   -1.876(R)|      FAST  |clk_int           |   0.000|
sw<5>           |    2.729(R)|      SLOW  |   -1.462(R)|      FAST  |clk_int           |   0.000|
sw<6>           |    2.785(R)|      SLOW  |   -1.400(R)|      FAST  |clk_int           |   0.000|
sw<7>           |    2.680(R)|      SLOW  |   -1.408(R)|      FAST  |clk_int           |   0.000|
----------------+------------+------------+------------+------------+------------------+--------+

Clock clk to Pad
----------------+-----------------+------------+-----------------+------------+------------------+--------+
                |Max (slowest) clk|  Process   |Min (fastest) clk|  Process   |                  | Clock  |
Destination     |  (edge) to PAD  |   Corner   |  (edge) to PAD  |   Corner   |Internal Clock(s) | Phase  |
----------------+-----------------+------------+-----------------+------------+------------------+--------+
ENET0_GTX_CLK   |         6.104(R)|      SLOW  |         2.441(R)|      FAST  |clk90_int         |   0.000|
ENET0_RST_N     |        13.131(R)|      SLOW  |         5.635(R)|      FAST  |clk_int           |   0.000|
ENET0_TX_DATA<0>|         6.175(R)|      SLOW  |         2.522(R)|      FAST  |clk_int           |   0.000|
ENET0_TX_DATA<1>|         6.175(R)|      SLOW  |         2.522(R)|      FAST  |clk_int           |   0.000|
ENET0_TX_DATA<2>|         6.110(R)|      SLOW  |         2.457(R)|      FAST  |clk_int           |   0.000|
ENET0_TX_DATA<3>|         6.110(R)|      SLOW  |         2.457(R)|      FAST  |clk_int           |   0.000|
ENET0_TX_EN     |         6.079(R)|      SLOW  |         2.426(R)|      FAST  |clk_int           |   0.000|
MDC             |        10.094(R)|      SLOW  |         4.220(R)|      FAST  |clk_int           |   0.000|
MDIO            |         9.817(R)|      SLOW  |         3.952(R)|      FAST  |clk_int           |   0.000|
led<0>          |        12.131(R)|      SLOW  |         5.583(R)|      FAST  |clk_int           |   0.000|
led<1>          |        12.106(R)|      SLOW  |         4.836(R)|      FAST  |clk_int           |   0.000|
led<2>          |         9.648(R)|      SLOW  |         4.459(R)|      FAST  |clk_int           |   0.000|
led<3>          |        10.118(R)|      SLOW  |         4.746(R)|      FAST  |clk_int           |   0.000|
led<4>          |         8.837(R)|      SLOW  |         3.892(R)|      FAST  |clk_int           |   0.000|
led<5>          |         9.044(R)|      SLOW  |         4.067(R)|      FAST  |clk_int           |   0.000|
led<6>          |        10.052(R)|      SLOW  |         4.468(R)|      FAST  |clk_int           |   0.000|
led<7>          |         9.525(R)|      SLOW  |         3.941(R)|      FAST  |clk_int           |   0.000|
txd             |         7.621(R)|      SLOW  |         3.407(R)|      FAST  |clk_int           |   0.000|
----------------+-----------------+------------+-----------------+------------+------------------+--------+

Clock to Setup on destination clock ENET0_RX_CLK
---------------+---------+---------+---------+---------+
               | Src:Rise| Src:Fall| Src:Rise| Src:Fall|
Source Clock   |Dest:Rise|Dest:Rise|Dest:Fall|Dest:Fall|
---------------+---------+---------+---------+---------+
ENET0_RX_CLK   |    6.581|         |         |         |
clk            |    3.696|         |         |         |
---------------+---------+---------+---------+---------+

Clock to Setup on destination clock clk
---------------+---------+---------+---------+---------+
               | Src:Rise| Src:Fall| Src:Rise| Src:Fall|
Source Clock   |Dest:Rise|Dest:Rise|Dest:Fall|Dest:Fall|
---------------+---------+---------+---------+---------+
ENET0_RX_CLK   |    4.263|         |         |         |
clk            |    7.836|         |         |         |
---------------+---------+---------+---------+---------+

Pad to Pad
---------------+---------------+---------+
Source Pad     |Destination Pad|  Delay  |
---------------+---------------+---------+
CLK_125MHZ     |led<2>         |   11.306|
ENET0_INT_N    |led<3>         |   11.370|
---------------+---------------+---------+


Analysis completed Fri Mar 27 23:08:40 2026 
--------------------------------------------------------------------------------

Trace Settings:
-------------------------
Trace Settings 

Peak Memory Usage: 450 MB



