Running: /opt/Xilinx/14.7/ISE_DS/ISE/bin/lin64/unwrapped/fuse -intstyle ise -incremental -lib unisims_ver -lib unimacro_ver -lib xilinxcorelib_ver -lib secureip -o /home/ise/VM_ISE/gbe_spartan-6/fpga_core_isim_beh.exe -prj /home/ise/VM_ISE/gbe_spartan-6/fpga_core_beh.prj work.fpga_core work.glbl 
ISim P.20131013 (signature 0xfbc00daa)
Number of CPUs detected in this system: 1
Turning on mult-threading, number of parallel sub-compilation jobs: 0 
Determining compilation order of HDL files
Analyzing Verilog file "/home/ise/VM_ISE/gbe_spartan-6/lib/eth/rtl/lfsr.v" into library work
WARNING:HDLCompiler:693 - "/home/ise/VM_ISE/gbe_spartan-6/lib/eth/rtl/lfsr.v" Line 352: Parameter declaration becomes local in lfsr with formal parameter declaration list
Analyzing Verilog file "/home/ise/VM_ISE/gbe_spartan-6/lib/eth/rtl/iddr.v" into library work
Analyzing Verilog file "/home/ise/VM_ISE/gbe_spartan-6/lib/eth/lib/axis/rtl/priority_encoder.v" into library work
WARNING:HDLCompiler:693 - "/home/ise/VM_ISE/gbe_spartan-6/lib/eth/lib/axis/rtl/priority_encoder.v" Line 47: Parameter declaration becomes local in priority_encoder with formal parameter declaration list
WARNING:HDLCompiler:693 - "/home/ise/VM_ISE/gbe_spartan-6/lib/eth/lib/axis/rtl/priority_encoder.v" Line 48: Parameter declaration becomes local in priority_encoder with formal parameter declaration list
Analyzing Verilog file "/home/ise/VM_ISE/gbe_spartan-6/lib/eth/rtl/ssio_ddr_in.v" into library work
Analyzing Verilog file "/home/ise/VM_ISE/gbe_spartan-6/lib/eth/rtl/oddr.v" into library work
Analyzing Verilog file "/home/ise/VM_ISE/gbe_spartan-6/lib/eth/rtl/mac_pause_ctrl_tx.v" into library work
Analyzing Verilog file "/home/ise/VM_ISE/gbe_spartan-6/lib/eth/rtl/mac_pause_ctrl_rx.v" into library work
Analyzing Verilog file "/home/ise/VM_ISE/gbe_spartan-6/lib/eth/rtl/mac_ctrl_tx.v" into library work
WARNING:HDLCompiler:693 - "/home/ise/VM_ISE/gbe_spartan-6/lib/eth/rtl/mac_ctrl_tx.v" Line 101: Parameter declaration becomes local in mac_ctrl_tx with formal parameter declaration list
WARNING:HDLCompiler:693 - "/home/ise/VM_ISE/gbe_spartan-6/lib/eth/rtl/mac_ctrl_tx.v" Line 103: Parameter declaration becomes local in mac_ctrl_tx with formal parameter declaration list
WARNING:HDLCompiler:693 - "/home/ise/VM_ISE/gbe_spartan-6/lib/eth/rtl/mac_ctrl_tx.v" Line 105: Parameter declaration becomes local in mac_ctrl_tx with formal parameter declaration list
WARNING:HDLCompiler:693 - "/home/ise/VM_ISE/gbe_spartan-6/lib/eth/rtl/mac_ctrl_tx.v" Line 107: Parameter declaration becomes local in mac_ctrl_tx with formal parameter declaration list
WARNING:HDLCompiler:693 - "/home/ise/VM_ISE/gbe_spartan-6/lib/eth/rtl/mac_ctrl_tx.v" Line 109: Parameter declaration becomes local in mac_ctrl_tx with formal parameter declaration list
Analyzing Verilog file "/home/ise/VM_ISE/gbe_spartan-6/lib/eth/rtl/mac_ctrl_rx.v" into library work
WARNING:HDLCompiler:693 - "/home/ise/VM_ISE/gbe_spartan-6/lib/eth/rtl/mac_ctrl_rx.v" Line 112: Parameter declaration becomes local in mac_ctrl_rx with formal parameter declaration list
WARNING:HDLCompiler:693 - "/home/ise/VM_ISE/gbe_spartan-6/lib/eth/rtl/mac_ctrl_rx.v" Line 114: Parameter declaration becomes local in mac_ctrl_rx with formal parameter declaration list
WARNING:HDLCompiler:693 - "/home/ise/VM_ISE/gbe_spartan-6/lib/eth/rtl/mac_ctrl_rx.v" Line 116: Parameter declaration becomes local in mac_ctrl_rx with formal parameter declaration list
WARNING:HDLCompiler:693 - "/home/ise/VM_ISE/gbe_spartan-6/lib/eth/rtl/mac_ctrl_rx.v" Line 118: Parameter declaration becomes local in mac_ctrl_rx with formal parameter declaration list
WARNING:HDLCompiler:693 - "/home/ise/VM_ISE/gbe_spartan-6/lib/eth/rtl/mac_ctrl_rx.v" Line 120: Parameter declaration becomes local in mac_ctrl_rx with formal parameter declaration list
Analyzing Verilog file "/home/ise/VM_ISE/gbe_spartan-6/lib/eth/rtl/ip_eth_tx.v" into library work
Analyzing Verilog file "/home/ise/VM_ISE/gbe_spartan-6/lib/eth/rtl/ip_eth_rx.v" into library work
Analyzing Verilog file "/home/ise/VM_ISE/gbe_spartan-6/lib/eth/rtl/axis_gmii_tx.v" into library work
WARNING:HDLCompiler:693 - "/home/ise/VM_ISE/gbe_spartan-6/lib/eth/rtl/axis_gmii_tx.v" Line 93: Parameter declaration becomes local in axis_gmii_tx with formal parameter declaration list
Analyzing Verilog file "/home/ise/VM_ISE/gbe_spartan-6/lib/eth/rtl/axis_gmii_rx.v" into library work
Analyzing Verilog file "/home/ise/VM_ISE/gbe_spartan-6/lib/eth/rtl/arp_eth_tx.v" into library work
WARNING:HDLCompiler:693 - "/home/ise/VM_ISE/gbe_spartan-6/lib/eth/rtl/arp_eth_tx.v" Line 85: Parameter declaration becomes local in arp_eth_tx with formal parameter declaration list
WARNING:HDLCompiler:693 - "/home/ise/VM_ISE/gbe_spartan-6/lib/eth/rtl/arp_eth_tx.v" Line 87: Parameter declaration becomes local in arp_eth_tx with formal parameter declaration list
WARNING:HDLCompiler:693 - "/home/ise/VM_ISE/gbe_spartan-6/lib/eth/rtl/arp_eth_tx.v" Line 89: Parameter declaration becomes local in arp_eth_tx with formal parameter declaration list
WARNING:HDLCompiler:693 - "/home/ise/VM_ISE/gbe_spartan-6/lib/eth/rtl/arp_eth_tx.v" Line 91: Parameter declaration becomes local in arp_eth_tx with formal parameter declaration list
WARNING:HDLCompiler:693 - "/home/ise/VM_ISE/gbe_spartan-6/lib/eth/rtl/arp_eth_tx.v" Line 93: Parameter declaration becomes local in arp_eth_tx with formal parameter declaration list
Analyzing Verilog file "/home/ise/VM_ISE/gbe_spartan-6/lib/eth/rtl/arp_eth_rx.v" into library work
WARNING:HDLCompiler:693 - "/home/ise/VM_ISE/gbe_spartan-6/lib/eth/rtl/arp_eth_rx.v" Line 89: Parameter declaration becomes local in arp_eth_rx with formal parameter declaration list
WARNING:HDLCompiler:693 - "/home/ise/VM_ISE/gbe_spartan-6/lib/eth/rtl/arp_eth_rx.v" Line 91: Parameter declaration becomes local in arp_eth_rx with formal parameter declaration list
WARNING:HDLCompiler:693 - "/home/ise/VM_ISE/gbe_spartan-6/lib/eth/rtl/arp_eth_rx.v" Line 93: Parameter declaration becomes local in arp_eth_rx with formal parameter declaration list
WARNING:HDLCompiler:693 - "/home/ise/VM_ISE/gbe_spartan-6/lib/eth/rtl/arp_eth_rx.v" Line 95: Parameter declaration becomes local in arp_eth_rx with formal parameter declaration list
WARNING:HDLCompiler:693 - "/home/ise/VM_ISE/gbe_spartan-6/lib/eth/rtl/arp_eth_rx.v" Line 97: Parameter declaration becomes local in arp_eth_rx with formal parameter declaration list
Analyzing Verilog file "/home/ise/VM_ISE/gbe_spartan-6/lib/eth/rtl/arp_cache.v" into library work
Analyzing Verilog file "/home/ise/VM_ISE/gbe_spartan-6/lib/eth/lib/axis/rtl/axis_fifo.v" into library work
WARNING:HDLCompiler:693 - "/home/ise/VM_ISE/gbe_spartan-6/lib/eth/lib/axis/rtl/axis_fifo.v" Line 137: Parameter declaration becomes local in axis_fifo with formal parameter declaration list
WARNING:HDLCompiler:693 - "/home/ise/VM_ISE/gbe_spartan-6/lib/eth/lib/axis/rtl/axis_fifo.v" Line 139: Parameter declaration becomes local in axis_fifo with formal parameter declaration list
WARNING:HDLCompiler:693 - "/home/ise/VM_ISE/gbe_spartan-6/lib/eth/lib/axis/rtl/axis_fifo.v" Line 254: Parameter declaration becomes local in axis_fifo with formal parameter declaration list
Analyzing Verilog file "/home/ise/VM_ISE/gbe_spartan-6/lib/eth/lib/axis/rtl/arbiter.v" into library work
Analyzing Verilog file "/home/ise/VM_ISE/gbe_spartan-6/lib/eth/rtl/udp_ip_tx.v" into library work
Analyzing Verilog file "/home/ise/VM_ISE/gbe_spartan-6/lib/eth/rtl/udp_ip_rx.v" into library work
Analyzing Verilog file "/home/ise/VM_ISE/gbe_spartan-6/lib/eth/rtl/udp_checksum_gen.v" into library work
WARNING:HDLCompiler:693 - "/home/ise/VM_ISE/gbe_spartan-6/lib/eth/rtl/udp_checksum_gen.v" Line 143: Parameter declaration becomes local in udp_checksum_gen with formal parameter declaration list
Analyzing Verilog file "/home/ise/VM_ISE/gbe_spartan-6/lib/eth/rtl/rgmii_phy_if.v" into library work
Analyzing Verilog file "/home/ise/VM_ISE/gbe_spartan-6/lib/eth/rtl/ip.v" into library work
Analyzing Verilog file "/home/ise/VM_ISE/gbe_spartan-6/lib/eth/rtl/eth_mac_1g.v" into library work
WARNING:HDLCompiler:693 - "/home/ise/VM_ISE/gbe_spartan-6/lib/eth/rtl/eth_mac_1g.v" Line 191: Parameter declaration becomes local in eth_mac_1g with formal parameter declaration list
WARNING:HDLCompiler:693 - "/home/ise/VM_ISE/gbe_spartan-6/lib/eth/rtl/eth_mac_1g.v" Line 192: Parameter declaration becomes local in eth_mac_1g with formal parameter declaration list
Analyzing Verilog file "/home/ise/VM_ISE/gbe_spartan-6/lib/eth/rtl/eth_arb_mux.v" into library work
WARNING:HDLCompiler:693 - "/home/ise/VM_ISE/gbe_spartan-6/lib/eth/rtl/eth_arb_mux.v" Line 90: Parameter declaration becomes local in eth_arb_mux with formal parameter declaration list
Analyzing Verilog file "/home/ise/VM_ISE/gbe_spartan-6/lib/eth/rtl/arp.v" into library work
Analyzing Verilog file "/home/ise/VM_ISE/gbe_spartan-6/lib/eth/lib/axis/rtl/axis_async_fifo.v" into library work
WARNING:HDLCompiler:693 - "/home/ise/VM_ISE/gbe_spartan-6/lib/eth/lib/axis/rtl/axis_async_fifo.v" Line 145: Parameter declaration becomes local in axis_async_fifo with formal parameter declaration list
WARNING:HDLCompiler:693 - "/home/ise/VM_ISE/gbe_spartan-6/lib/eth/lib/axis/rtl/axis_async_fifo.v" Line 147: Parameter declaration becomes local in axis_async_fifo with formal parameter declaration list
WARNING:HDLCompiler:693 - "/home/ise/VM_ISE/gbe_spartan-6/lib/eth/lib/axis/rtl/axis_async_fifo.v" Line 344: Parameter declaration becomes local in axis_async_fifo with formal parameter declaration list
Analyzing Verilog file "/home/ise/VM_ISE/gbe_spartan-6/lib/eth/lib/axis/rtl/axis_adapter.v" into library work
Analyzing Verilog file "/home/ise/VM_ISE/gbe_spartan-6/lib/eth/rtl/udp.v" into library work
Analyzing Verilog file "/home/ise/VM_ISE/gbe_spartan-6/lib/eth/rtl/ip_complete.v" into library work
Analyzing Verilog file "/home/ise/VM_ISE/gbe_spartan-6/lib/eth/rtl/ip_arb_mux.v" into library work
WARNING:HDLCompiler:693 - "/home/ise/VM_ISE/gbe_spartan-6/lib/eth/rtl/ip_arb_mux.v" Line 116: Parameter declaration becomes local in ip_arb_mux with formal parameter declaration list
Analyzing Verilog file "/home/ise/VM_ISE/gbe_spartan-6/lib/eth/rtl/eth_mac_1g_rgmii.v" into library work
Analyzing Verilog file "/home/ise/VM_ISE/gbe_spartan-6/lib/eth/lib/axis/rtl/axis_async_fifo_adapter.v" into library work
Analyzing Verilog file "/home/ise/VM_ISE/gbe_spartan-6/mdio_controller.v" into library work
WARNING:HDLCompiler:693 - "/home/ise/VM_ISE/gbe_spartan-6/mdio_controller.v" Line 59: Parameter declaration becomes local in mdio_controller with formal parameter declaration list
Analyzing Verilog file "/home/ise/VM_ISE/gbe_spartan-6/lib/eth/rtl/udp_complete.v" into library work
Analyzing Verilog file "/home/ise/VM_ISE/gbe_spartan-6/lib/eth/rtl/eth_mac_1g_rgmii_fifo.v" into library work
Analyzing Verilog file "/home/ise/VM_ISE/gbe_spartan-6/lib/eth/rtl/eth_axis_tx.v" into library work
WARNING:HDLCompiler:693 - "/home/ise/VM_ISE/gbe_spartan-6/lib/eth/rtl/eth_axis_tx.v" Line 79: Parameter declaration becomes local in eth_axis_tx with formal parameter declaration list
WARNING:HDLCompiler:693 - "/home/ise/VM_ISE/gbe_spartan-6/lib/eth/rtl/eth_axis_tx.v" Line 81: Parameter declaration becomes local in eth_axis_tx with formal parameter declaration list
WARNING:HDLCompiler:693 - "/home/ise/VM_ISE/gbe_spartan-6/lib/eth/rtl/eth_axis_tx.v" Line 83: Parameter declaration becomes local in eth_axis_tx with formal parameter declaration list
WARNING:HDLCompiler:693 - "/home/ise/VM_ISE/gbe_spartan-6/lib/eth/rtl/eth_axis_tx.v" Line 85: Parameter declaration becomes local in eth_axis_tx with formal parameter declaration list
WARNING:HDLCompiler:693 - "/home/ise/VM_ISE/gbe_spartan-6/lib/eth/rtl/eth_axis_tx.v" Line 87: Parameter declaration becomes local in eth_axis_tx with formal parameter declaration list
Analyzing Verilog file "/home/ise/VM_ISE/gbe_spartan-6/lib/eth/rtl/eth_axis_rx.v" into library work
WARNING:HDLCompiler:693 - "/home/ise/VM_ISE/gbe_spartan-6/lib/eth/rtl/eth_axis_rx.v" Line 80: Parameter declaration becomes local in eth_axis_rx with formal parameter declaration list
WARNING:HDLCompiler:693 - "/home/ise/VM_ISE/gbe_spartan-6/lib/eth/rtl/eth_axis_rx.v" Line 82: Parameter declaration becomes local in eth_axis_rx with formal parameter declaration list
WARNING:HDLCompiler:693 - "/home/ise/VM_ISE/gbe_spartan-6/lib/eth/rtl/eth_axis_rx.v" Line 84: Parameter declaration becomes local in eth_axis_rx with formal parameter declaration list
WARNING:HDLCompiler:693 - "/home/ise/VM_ISE/gbe_spartan-6/lib/eth/rtl/eth_axis_rx.v" Line 86: Parameter declaration becomes local in eth_axis_rx with formal parameter declaration list
WARNING:HDLCompiler:693 - "/home/ise/VM_ISE/gbe_spartan-6/lib/eth/rtl/eth_axis_rx.v" Line 88: Parameter declaration becomes local in eth_axis_rx with formal parameter declaration list
Analyzing Verilog file "/home/ise/VM_ISE/gbe_spartan-6/rtl/fpga_core.v" into library work
Analyzing Verilog file "/opt/Xilinx/14.7/ISE_DS/ISE//verilog/src/glbl.v" into library work
Parsing VHDL file "/home/ise/VM_ISE/gbe_spartan-6/uart.vhd" into library work
Starting static elaboration
WARNING:HDLCompiler:1016 - "/home/ise/VM_ISE/gbe_spartan-6/rtl/fpga_core.v" Line 438: Port tx_axis_tkeep is not connected to this instance
WARNING:HDLCompiler:1016 - "/home/ise/VM_ISE/gbe_spartan-6/rtl/fpga_core.v" Line 489: Port s_axis_tkeep is not connected to this instance
WARNING:HDLCompiler:1016 - "/home/ise/VM_ISE/gbe_spartan-6/rtl/fpga_core.v" Line 515: Port s_eth_payload_axis_tkeep is not connected to this instance
WARNING:HDLCompiler:1016 - "/home/ise/VM_ISE/gbe_spartan-6/rtl/fpga_core.v" Line 673: Port pause_req is not connected to this instance
WARNING:HDLCompiler:1016 - "/home/ise/VM_ISE/gbe_spartan-6/lib/eth/rtl/eth_mac_1g_rgmii_fifo.v" Line 254: Port s_pause_req is not connected to this instance
WARNING:HDLCompiler:1016 - "/home/ise/VM_ISE/gbe_spartan-6/lib/eth/rtl/eth_mac_1g_rgmii_fifo.v" Line 305: Port s_pause_req is not connected to this instance
WARNING:HDLCompiler:1016 - "/home/ise/VM_ISE/gbe_spartan-6/lib/eth/rtl/eth_mac_1g_rgmii.v" Line 218: Port tx_ptp_ts is not connected to this instance
WARNING:HDLCompiler:189 - "/home/ise/VM_ISE/gbe_spartan-6/lib/eth/rtl/eth_mac_1g_rgmii_fifo.v" Line 282: Size mismatch in connection of port <s_axis_tid>. Formal port size is 8-bit while actual signal size is 32-bit.
WARNING:HDLCompiler:189 - "/home/ise/VM_ISE/gbe_spartan-6/lib/eth/rtl/eth_mac_1g_rgmii_fifo.v" Line 283: Size mismatch in connection of port <s_axis_tdest>. Formal port size is 8-bit while actual signal size is 32-bit.
WARNING:HDLCompiler:189 - "/home/ise/VM_ISE/gbe_spartan-6/lib/eth/rtl/eth_mac_1g_rgmii_fifo.v" Line 329: Size mismatch in connection of port <s_axis_tkeep>. Formal port size is 1-bit while actual signal size is 32-bit.
WARNING:HDLCompiler:189 - "/home/ise/VM_ISE/gbe_spartan-6/lib/eth/rtl/eth_mac_1g_rgmii_fifo.v" Line 333: Size mismatch in connection of port <s_axis_tid>. Formal port size is 8-bit while actual signal size is 32-bit.
WARNING:HDLCompiler:189 - "/home/ise/VM_ISE/gbe_spartan-6/lib/eth/rtl/eth_mac_1g_rgmii_fifo.v" Line 334: Size mismatch in connection of port <s_axis_tdest>. Formal port size is 8-bit while actual signal size is 32-bit.
WARNING:HDLCompiler:189 - "/home/ise/VM_ISE/gbe_spartan-6/rtl/fpga_core.v" Line 669: Size mismatch in connection of port <clear_arp_cache>. Formal port size is 1-bit while actual signal size is 32-bit.
WARNING:HDLCompiler:189 - "/home/ise/VM_ISE/gbe_spartan-6/lib/eth/rtl/udp_complete.v" Line 375: Size mismatch in connection of port <s_eth_dest_mac>. Formal port size is 96-bit while actual signal size is 32-bit.
WARNING:HDLCompiler:189 - "/home/ise/VM_ISE/gbe_spartan-6/lib/eth/rtl/udp_complete.v" Line 376: Size mismatch in connection of port <s_eth_src_mac>. Formal port size is 96-bit while actual signal size is 32-bit.
WARNING:HDLCompiler:189 - "/home/ise/VM_ISE/gbe_spartan-6/lib/eth/rtl/udp_complete.v" Line 378: Size mismatch in connection of port <s_ip_version>. Formal port size is 8-bit while actual signal size is 32-bit.
WARNING:HDLCompiler:189 - "/home/ise/VM_ISE/gbe_spartan-6/lib/eth/rtl/udp_complete.v" Line 379: Size mismatch in connection of port <s_ip_ihl>. Formal port size is 8-bit while actual signal size is 32-bit.
WARNING:HDLCompiler:189 - "/home/ise/VM_ISE/gbe_spartan-6/lib/eth/rtl/udp_complete.v" Line 384: Size mismatch in connection of port <s_ip_flags>. Formal port size is 6-bit while actual signal size is 32-bit.
WARNING:HDLCompiler:189 - "/home/ise/VM_ISE/gbe_spartan-6/lib/eth/rtl/udp_complete.v" Line 385: Size mismatch in connection of port <s_ip_fragment_offset>. Formal port size is 26-bit while actual signal size is 32-bit.
WARNING:HDLCompiler:189 - "/home/ise/VM_ISE/gbe_spartan-6/lib/eth/rtl/udp_complete.v" Line 392: Size mismatch in connection of port <s_ip_payload_axis_tkeep>. Formal port size is 2-bit while actual signal size is 32-bit.
WARNING:HDLCompiler:189 - "/home/ise/VM_ISE/gbe_spartan-6/lib/eth/rtl/udp_complete.v" Line 396: Size mismatch in connection of port <s_ip_payload_axis_tid>. Formal port size is 16-bit while actual signal size is 32-bit.
WARNING:HDLCompiler:189 - "/home/ise/VM_ISE/gbe_spartan-6/lib/eth/rtl/udp_complete.v" Line 397: Size mismatch in connection of port <s_ip_payload_axis_tdest>. Formal port size is 16-bit while actual signal size is 32-bit.
WARNING:HDLCompiler:1016 - "/home/ise/VM_ISE/gbe_spartan-6/lib/eth/rtl/ip_complete.v" Line 395: Port s_eth_payload_axis_tkeep is not connected to this instance
WARNING:HDLCompiler:189 - "/home/ise/VM_ISE/gbe_spartan-6/lib/eth/rtl/ip_complete.v" Line 279: Size mismatch in connection of port <s_eth_payload_axis_tkeep>. Formal port size is 2-bit while actual signal size is 32-bit.
WARNING:HDLCompiler:189 - "/home/ise/VM_ISE/gbe_spartan-6/lib/eth/rtl/ip_complete.v" Line 283: Size mismatch in connection of port <s_eth_payload_axis_tid>. Formal port size is 16-bit while actual signal size is 32-bit.
WARNING:HDLCompiler:189 - "/home/ise/VM_ISE/gbe_spartan-6/lib/eth/rtl/ip_complete.v" Line 284: Size mismatch in connection of port <s_eth_payload_axis_tdest>. Formal port size is 16-bit while actual signal size is 32-bit.
WARNING:HDLCompiler:1016 - "/home/ise/VM_ISE/gbe_spartan-6/lib/eth/rtl/udp_checksum_gen.v" Line 203: Port pause_req is not connected to this instance
WARNING:HDLCompiler:189 - "/home/ise/VM_ISE/gbe_spartan-6/lib/eth/rtl/udp_checksum_gen.v" Line 219: Size mismatch in connection of port <s_axis_tkeep>. Formal port size is 1-bit while actual signal size is 32-bit.
WARNING:HDLCompiler:189 - "/home/ise/VM_ISE/gbe_spartan-6/lib/eth/rtl/udp_checksum_gen.v" Line 223: Size mismatch in connection of port <s_axis_tid>. Formal port size is 8-bit while actual signal size is 32-bit.
WARNING:HDLCompiler:189 - "/home/ise/VM_ISE/gbe_spartan-6/lib/eth/rtl/udp_checksum_gen.v" Line 224: Size mismatch in connection of port <s_axis_tdest>. Formal port size is 8-bit while actual signal size is 32-bit.
WARNING:HDLCompiler:189 - "/home/ise/VM_ISE/gbe_spartan-6/rtl/fpga_core.v" Line 689: Size mismatch in connection of port <s_axis_tkeep>. Formal port size is 1-bit while actual signal size is 32-bit.
WARNING:HDLCompiler:189 - "/home/ise/VM_ISE/gbe_spartan-6/rtl/fpga_core.v" Line 693: Size mismatch in connection of port <s_axis_tid>. Formal port size is 8-bit while actual signal size is 32-bit.
WARNING:HDLCompiler:189 - "/home/ise/VM_ISE/gbe_spartan-6/rtl/fpga_core.v" Line 694: Size mismatch in connection of port <s_axis_tdest>. Formal port size is 8-bit while actual signal size is 32-bit.
Completed static elaboration
Fuse Memory Usage: 102796 KB
Fuse CPU Usage: 1910 ms
Compiling module iddr(TARGET="GENERIC",IODDR_STYL...
Compiling module ssio_ddr_in(TARGET="GENERIC",IOD...
Compiling module oddr(TARGET="GENERIC",IODDR_STYL...
Compiling module oddr(TARGET="GENERIC",IODDR_STYL...
Compiling module rgmii_phy_if(TARGET="GENERIC",IO...
Compiling module lfsr(LFSR_WIDTH=32,LFSR_POLY=32'...
Compiling module axis_gmii_rx(DATA_WIDTH=8,PTP_TS...
WARNING:HDLCompiler:1007 - "/home/ise/VM_ISE/gbe_spartan-6/lib/eth/rtl/axis_gmii_tx.v" Line 204: Element index 1 into s_axis_tuser is out of bounds
Compiling module axis_gmii_tx(DATA_WIDTH=8,ENABLE...
Compiling module eth_mac_1g(ENABLE_PADDING=1,MIN_...
Compiling module eth_mac_1g_rgmii(TARGET="GENERIC...
Compiling module axis_async_fifo(DEPTH=8192,DATA_...
Compiling module axis_async_fifo_adapter(DEPTH=81...
Compiling module axis_async_fifo(DEPTH=8192,DATA_...
Compiling module axis_async_fifo_adapter(DEPTH=81...
Compiling module eth_mac_1g_rgmii_fifo(TARGET="GE...
Compiling module eth_axis_rx_default
Compiling module eth_axis_tx_default
Compiling module priority_encoder(WIDTH=2,LSB_HIG...
Compiling module arbiter(PORTS=2,ARB_TYPE_ROUND_R...
Compiling module ip_arb_mux(S_COUNT=2,KEEP_ENABLE...
Compiling module eth_arb_mux(S_COUNT=2,KEEP_ENABL...
Compiling module ip_eth_rx
Compiling module ip_eth_tx
Compiling module ip
Compiling module arp_eth_rx(DATA_WIDTH=8,KEEP_ENA...
Compiling module arp_eth_tx(DATA_WIDTH=8,KEEP_ENA...
Compiling module lfsr(LFSR_WIDTH=32,LFSR_POLY=32'...
Compiling module arp_cache(CACHE_ADDR_WIDTH=9)
Compiling module arp(CACHE_ADDR_WIDTH=9,REQUEST_R...
Compiling module ip_complete(ARP_CACHE_ADDR_WIDTH...
Compiling module udp_ip_rx
Compiling module axis_fifo(DEPTH=8192,KEEP_ENABLE...
Compiling module udp_checksum_gen(PAYLOAD_FIFO_DE...
Compiling module udp_ip_tx
Compiling module udp(CHECKSUM_GEN_ENABLE=1,CHECKS...
Compiling module udp_complete
Compiling module axis_fifo(KEEP_ENABLE=0)
Compiling module mdio_controller_default
Compiling module fpga_core
Compiling module glbl
Compiling package standard
Compiling package std_logic_1164
Compiling architecture logic of entity uart [uart_default]
Time Resolution for simulation is 1ps.
Compiled 4 VHDL Units
Compiled 40 Verilog Units
Built simulation executable /home/ise/VM_ISE/gbe_spartan-6/fpga_core_isim_beh.exe
Fuse Memory Usage: 115668 KB
Fuse CPU Usage: 3740 ms
GCC CPU Usage: 9260 ms
