ISim log file
Running: /home/ise/VM_ISE/gbe_spartan-6/fpga_core_isim_beh.exe -intstyle ise -gui -tclbatch isim.cmd -wdb /home/ise/VM_ISE/gbe_spartan-6/fpga_core_isim_beh.wdb 
ISim P.20131013 (signature 0xfbc00daa)
----------------------------------------------------------------------
WARNING:Security:42 - Your software subscription period has lapsed. Your current version of Xilinx tools will continue to function, but you no longer qualify for Xilinx software updates or new releases.


----------------------------------------------------------------------
This is a Full version of ISim.
WARNING:  For instance eth_mac_inst/tx_fifo/, width 8 of formal port s_axis_tid is not equal to width 32 of actual constant.
WARNING:  For instance eth_mac_inst/tx_fifo/, width 8 of formal port s_axis_tdest is not equal to width 32 of actual constant.
WARNING:  For instance eth_mac_inst/rx_fifo/, width 1 of formal port s_axis_tkeep is not equal to width 32 of actual constant.
WARNING:  For instance eth_mac_inst/rx_fifo/, width 8 of formal port s_axis_tid is not equal to width 32 of actual constant.
WARNING:  For instance eth_mac_inst/rx_fifo/, width 8 of formal port s_axis_tdest is not equal to width 32 of actual constant.
WARNING:  For instance udp_complete_inst/ip_arb_mux_inst/, width 96 of formal port s_eth_dest_mac is not equal to width 32 of actual constant.
WARNING:  For instance udp_complete_inst/ip_arb_mux_inst/, width 96 of formal port s_eth_src_mac is not equal to width 32 of actual constant.
WARNING:  For instance udp_complete_inst/ip_arb_mux_inst/, width 8 of formal port s_ip_version is not equal to width 32 of actual constant.
WARNING:  For instance udp_complete_inst/ip_arb_mux_inst/, width 8 of formal port s_ip_ihl is not equal to width 32 of actual constant.
WARNING:  For instance udp_complete_inst/ip_arb_mux_inst/, width 6 of formal port s_ip_flags is not equal to width 32 of actual constant.
WARNING:  For instance udp_complete_inst/ip_arb_mux_inst/, width 26 of formal port s_ip_fragment_offset is not equal to width 32 of actual constant.
WARNING:  For instance udp_complete_inst/ip_arb_mux_inst/, width 2 of formal port s_ip_payload_axis_tkeep is not equal to width 32 of actual constant.
WARNING:  For instance udp_complete_inst/ip_arb_mux_inst/, width 16 of formal port s_ip_payload_axis_tid is not equal to width 32 of actual constant.
WARNING:  For instance udp_complete_inst/ip_arb_mux_inst/, width 16 of formal port s_ip_payload_axis_tdest is not equal to width 32 of actual constant.
WARNING:  For instance ip_complete_inst/eth_arb_mux_inst/, width 2 of formal port s_eth_payload_axis_tkeep is not equal to width 32 of actual constant.
WARNING:  For instance ip_complete_inst/eth_arb_mux_inst/, width 16 of formal port s_eth_payload_axis_tid is not equal to width 32 of actual constant.
WARNING:  For instance ip_complete_inst/eth_arb_mux_inst/, width 16 of formal port s_eth_payload_axis_tdest is not equal to width 32 of actual constant.
WARNING:  For instance udp_checksum_gen_inst/payload_fifo/, width 1 of formal port s_axis_tkeep is not equal to width 32 of actual constant.
WARNING:  For instance udp_checksum_gen_inst/payload_fifo/, width 8 of formal port s_axis_tid is not equal to width 32 of actual constant.
WARNING:  For instance udp_checksum_gen_inst/payload_fifo/, width 8 of formal port s_axis_tdest is not equal to width 32 of actual constant.
WARNING:  For instance fpga_core/udp_complete_inst/, width 1 of formal port clear_arp_cache is not equal to width 32 of actual constant.
WARNING:  For instance fpga_core/udp_payload_fifo/, width 1 of formal port s_axis_tkeep is not equal to width 32 of actual constant.
WARNING:  For instance fpga_core/udp_payload_fifo/, width 8 of formal port s_axis_tid is not equal to width 32 of actual constant.
WARNING:  For instance fpga_core/udp_payload_fifo/, width 8 of formal port s_axis_tdest is not equal to width 32 of actual constant.
Time resolution is 1 ps
# onerror resume
# wave add /
# run 1000 ns
Simulator is doing circuit initialization process.
Finished circuit initialization process.
# isim force add /fpga_core/push 00 -radix bin
# isim force add /fpga_core/push 00 -radix bin
# isim force add /fpga_core/rst 0 -radix bin
# isim force add /fpga_core/rst 0 -radix bin
# isim force add /fpga_core/clk 0 -radix bin -value 1 -radix bin -time 4 ns -repeat 8 ns
# isim force add /fpga_core/clk 0 -radix bin -value 1 -radix bin -time 4 ns -repeat 8 ns
# isim force add /fpga_core/clk90 1 -radix bin -time 2 ns -value 0 -radix bin -time 6 ns -repeat 8 ns
# isim force add /fpga_core/clk90 1 -radix bin -time 2 ns -value 0 -radix bin -time 6 ns -repeat 8 ns
# isim force add /fpga_core/clk90 1 -radix bin -time 2 ns -value 0 -radix bin -time 6 ns -repeat 8 ns
# isim force add /fpga_core/sw 11111111 -radix bin
# isim force add /fpga_core/sw 11111111 -radix bin
# isim force add /fpga_core/flood 1 -radix bin
# isim force add /fpga_core/flood 1 -radix bin
# show driver /fpga_core/phy0_rxd
/fpga_core/phy0_rxd has no drivers.
# show driver /fpga_core/phy0_rxd
/fpga_core/phy0_rxd has no drivers.
# run 1.00us
# run 1.00us
# run 1.00us
# run 1.00us
# run 1.00us
# run 1.00us
# isim force add /fpga_core/rx_random 1 -radix bin
# isim force add /fpga_core/rx_random 1 -radix bin
# run 1.00us
# run 1.00us
# run 1.00us
# exit 0
