--------------------------------------------------------------------------------
Release 14.7 Trace  (lin64)
Copyright (c) 1995-2013 Xilinx, Inc.  All rights reserved.

/opt/Xilinx/14.7/ISE_DS/ISE/bin/lin64/unwrapped/trce -intstyle ise -v 3 -s 2 -n
3 -fastpaths -xml fpga.twx fpga.ncd -o fpga.twr fpga.pcf -ucf gbe_spartan-6.ucf

Design file:              fpga.ncd
Physical constraint file: fpga.pcf
Device,package,speed:     xc6slx9,tqg144,C,-2 (PRODUCTION 1.23 2013-10-13)
Report level:             verbose report

Environment Variable      Effect 
--------------------      ------ 
NONE                      No environment variables were set
--------------------------------------------------------------------------------

INFO:Timing:2698 - No timing constraints found, doing default enumeration.
INFO:Timing:3412 - To improve timing, see the Timing Closure User Guide (UG612).
INFO:Timing:2752 - To get complete path coverage, use the unconstrained paths 
   option. All paths that are not constrained will be reported in the 
   unconstrained paths section(s) of the report.
INFO:Timing:3339 - The clock-to-out numbers in this timing report are based on 
   a 50 Ohm transmission line loading model.  For the details of this model, 
   and for more information on accounting for different loading conditions, 
   please see the device datasheet.



Data Sheet report:
-----------------
All values displayed in nanoseconds (ns)

Setup/Hold to clock ENET0_RX_CLK
----------------+------------+------------+------------+------------+-----------------------------+--------+
                |Max Setup to|  Process   |Max Hold to |  Process   |                             | Clock  |
Source          | clk (edge) |   Corner   | clk (edge) |   Corner   |Internal Clock(s)            | Phase  |
----------------+------------+------------+------------+------------+-----------------------------+--------+
ENET0_RX_DATA<0>|   -0.341(R)|      FAST  |    2.022(R)|      SLOW  |core_inst/eth_mac_inst/rx_clk|   0.000|
                |   -0.270(F)|      FAST  |    1.961(F)|      SLOW  |core_inst/eth_mac_inst/rx_clk|   0.000|
ENET0_RX_DATA<1>|   -0.310(R)|      FAST  |    1.956(R)|      SLOW  |core_inst/eth_mac_inst/rx_clk|   0.000|
                |   -0.239(F)|      FAST  |    1.895(F)|      SLOW  |core_inst/eth_mac_inst/rx_clk|   0.000|
ENET0_RX_DATA<2>|   -0.309(R)|      FAST  |    1.955(R)|      SLOW  |core_inst/eth_mac_inst/rx_clk|   0.000|
                |   -0.237(F)|      FAST  |    1.893(F)|      SLOW  |core_inst/eth_mac_inst/rx_clk|   0.000|
ENET0_RX_DATA<3>|   -0.280(R)|      FAST  |    1.961(R)|      SLOW  |core_inst/eth_mac_inst/rx_clk|   0.000|
                |   -0.208(F)|      FAST  |    1.899(F)|      SLOW  |core_inst/eth_mac_inst/rx_clk|   0.000|
ENET0_RX_DV     |   -0.254(R)|      FAST  |    1.900(R)|      SLOW  |core_inst/eth_mac_inst/rx_clk|   0.000|
                |   -0.182(F)|      FAST  |    1.838(F)|      SLOW  |core_inst/eth_mac_inst/rx_clk|   0.000|
----------------+------------+------------+------------+------------+-----------------------------+--------+

Setup/Hold to clock clk
------------+------------+------------+------------+------------+------------------+--------+
            |Max Setup to|  Process   |Max Hold to |  Process   |                  | Clock  |
Source      | clk (edge) |   Corner   | clk (edge) |   Corner   |Internal Clock(s) | Phase  |
------------+------------+------------+------------+------------+------------------+--------+
MDIO        |    3.320(R)|      SLOW  |   -1.805(R)|      FAST  |clk_int           |   0.000|
push<0>     |    4.014(R)|      SLOW  |   -2.184(R)|      FAST  |clk_int           |   0.000|
push<1>     |    3.245(R)|      SLOW  |   -1.701(R)|      FAST  |clk_int           |   0.000|
push<2>     |   10.074(R)|      SLOW  |   -5.428(R)|      FAST  |clk_int           |   0.000|
rxd         |    5.734(R)|      SLOW  |   -1.832(R)|      FAST  |clk_int           |   0.000|
sw<0>       |    3.132(R)|      SLOW  |   -1.587(R)|      FAST  |clk_int           |   0.000|
sw<1>       |    3.498(R)|      SLOW  |   -1.832(R)|      FAST  |clk_int           |   0.000|
sw<2>       |    3.704(R)|      SLOW  |   -1.887(R)|      FAST  |clk_int           |   0.000|
sw<3>       |    3.447(R)|      SLOW  |   -1.834(R)|      FAST  |clk_int           |   0.000|
sw<4>       |    2.764(R)|      SLOW  |   -1.353(R)|      FAST  |clk_int           |   0.000|
sw<5>       |    2.347(R)|      SLOW  |   -1.166(R)|      FAST  |clk_int           |   0.000|
sw<6>       |    2.773(R)|      SLOW  |   -1.405(R)|      FAST  |clk_int           |   0.000|
sw<7>       |    2.914(R)|      SLOW  |   -1.542(R)|      FAST  |clk_int           |   0.000|
------------+------------+------------+------------+------------+------------------+--------+

Clock clk to Pad
----------------+-----------------+------------+-----------------+------------+------------------+--------+
                |Max (slowest) clk|  Process   |Min (fastest) clk|  Process   |                  | Clock  |
Destination     |  (edge) to PAD  |   Corner   |  (edge) to PAD  |   Corner   |Internal Clock(s) | Phase  |
----------------+-----------------+------------+-----------------+------------+------------------+--------+
ENET0_GTX_CLK   |         6.104(R)|      SLOW  |         2.441(R)|      FAST  |clk90_int         |   0.000|
ENET0_RST_N     |        12.436(R)|      SLOW  |         5.627(R)|      FAST  |clk_int           |   0.000|
ENET0_TX_DATA<0>|         6.175(R)|      SLOW  |         2.522(R)|      FAST  |clk_int           |   0.000|
ENET0_TX_DATA<1>|         6.175(R)|      SLOW  |         2.522(R)|      FAST  |clk_int           |   0.000|
ENET0_TX_DATA<2>|         6.108(R)|      SLOW  |         2.455(R)|      FAST  |clk_int           |   0.000|
ENET0_TX_DATA<3>|         6.108(R)|      SLOW  |         2.455(R)|      FAST  |clk_int           |   0.000|
ENET0_TX_EN     |         6.079(R)|      SLOW  |         2.426(R)|      FAST  |clk_int           |   0.000|
MDC             |         9.303(R)|      SLOW  |         4.028(R)|      FAST  |clk_int           |   0.000|
MDIO            |         8.733(R)|      SLOW  |         4.042(R)|      FAST  |clk_int           |   0.000|
led<0>          |         9.832(R)|      SLOW  |         4.176(R)|      FAST  |clk_int           |   0.000|
led<1>          |        11.872(R)|      SLOW  |         5.245(R)|      FAST  |clk_int           |   0.000|
led<2>          |        11.120(R)|      SLOW  |         5.349(R)|      FAST  |clk_int           |   0.000|
led<3>          |        10.127(R)|      SLOW  |         4.748(R)|      FAST  |clk_int           |   0.000|
led<4>          |         9.693(R)|      SLOW  |         4.175(R)|      FAST  |clk_int           |   0.000|
led<5>          |        10.952(R)|      SLOW  |         3.868(R)|      FAST  |clk_int           |   0.000|
led<6>          |         9.444(R)|      SLOW  |         4.103(R)|      FAST  |clk_int           |   0.000|
led<7>          |        10.822(R)|      SLOW  |         4.391(R)|      FAST  |clk_int           |   0.000|
txd             |         7.245(R)|      SLOW  |         3.197(R)|      FAST  |clk_int           |   0.000|
----------------+-----------------+------------+-----------------+------------+------------------+--------+

Clock to Setup on destination clock ENET0_RX_CLK
---------------+---------+---------+---------+---------+
               | Src:Rise| Src:Fall| Src:Rise| Src:Fall|
Source Clock   |Dest:Rise|Dest:Rise|Dest:Fall|Dest:Fall|
---------------+---------+---------+---------+---------+
ENET0_RX_CLK   |    6.195|         |         |         |
clk            |    5.339|         |         |         |
---------------+---------+---------+---------+---------+

Clock to Setup on destination clock clk
---------------+---------+---------+---------+---------+
               | Src:Rise| Src:Fall| Src:Rise| Src:Fall|
Source Clock   |Dest:Rise|Dest:Rise|Dest:Fall|Dest:Fall|
---------------+---------+---------+---------+---------+
ENET0_RX_CLK   |    4.208|         |         |         |
clk            |    8.563|    4.539|    3.052|    2.124|
---------------+---------+---------+---------+---------+

Pad to Pad
---------------+---------------+---------+
Source Pad     |Destination Pad|  Delay  |
---------------+---------------+---------+
CLK_125MHZ     |led<2>         |   11.714|
ENET0_INT_N    |led<3>         |   10.983|
---------------+---------------+---------+


Analysis completed Tue Mar 24 18:09:00 2026 
--------------------------------------------------------------------------------

Trace Settings:
-------------------------
Trace Settings 

Peak Memory Usage: 450 MB



