--------------------------------------------------------------------------------
Release 14.7 Trace  (lin64)
Copyright (c) 1995-2013 Xilinx, Inc.  All rights reserved.

/opt/Xilinx/14.7/ISE_DS/ISE/bin/lin64/unwrapped/trce -intstyle ise -v 3 -s 2 -n
3 -fastpaths -xml fpga.twx fpga.ncd -o fpga.twr fpga.pcf -ucf gbe_spartan-6.ucf

Design file:              fpga.ncd
Physical constraint file: fpga.pcf
Device,package,speed:     xc6slx9,tqg144,C,-2 (PRODUCTION 1.23 2013-10-13)
Report level:             verbose report

Environment Variable      Effect 
--------------------      ------ 
NONE                      No environment variables were set
--------------------------------------------------------------------------------

INFO:Timing:2698 - No timing constraints found, doing default enumeration.
INFO:Timing:3412 - To improve timing, see the Timing Closure User Guide (UG612).
INFO:Timing:2752 - To get complete path coverage, use the unconstrained paths 
   option. All paths that are not constrained will be reported in the 
   unconstrained paths section(s) of the report.
INFO:Timing:3339 - The clock-to-out numbers in this timing report are based on 
   a 50 Ohm transmission line loading model.  For the details of this model, 
   and for more information on accounting for different loading conditions, 
   please see the device datasheet.



Data Sheet report:
-----------------
All values displayed in nanoseconds (ns)

Setup/Hold to clock ENET0_RX_CLK
----------------+------------+------------+------------+------------+-----------------------------+--------+
                |Max Setup to|  Process   |Max Hold to |  Process   |                             | Clock  |
Source          | clk (edge) |   Corner   | clk (edge) |   Corner   |Internal Clock(s)            | Phase  |
----------------+------------+------------+------------+------------+-----------------------------+--------+
ENET0_RX_DATA<0>|   -0.340(R)|      FAST  |    2.021(R)|      SLOW  |core_inst/eth_mac_inst/rx_clk|   0.000|
                |   -0.268(F)|      FAST  |    1.959(F)|      SLOW  |core_inst/eth_mac_inst/rx_clk|   0.000|
ENET0_RX_DATA<1>|   -0.309(R)|      FAST  |    1.955(R)|      SLOW  |core_inst/eth_mac_inst/rx_clk|   0.000|
                |   -0.237(F)|      FAST  |    1.893(F)|      SLOW  |core_inst/eth_mac_inst/rx_clk|   0.000|
ENET0_RX_DATA<2>|   -0.307(R)|      FAST  |    1.953(R)|      SLOW  |core_inst/eth_mac_inst/rx_clk|   0.000|
                |   -0.235(F)|      FAST  |    1.891(F)|      SLOW  |core_inst/eth_mac_inst/rx_clk|   0.000|
ENET0_RX_DATA<3>|   -0.278(R)|      FAST  |    1.959(R)|      SLOW  |core_inst/eth_mac_inst/rx_clk|   0.000|
                |   -0.206(F)|      FAST  |    1.897(F)|      SLOW  |core_inst/eth_mac_inst/rx_clk|   0.000|
ENET0_RX_DV     |   -0.253(R)|      FAST  |    1.899(R)|      SLOW  |core_inst/eth_mac_inst/rx_clk|   0.000|
                |   -0.181(F)|      FAST  |    1.837(F)|      SLOW  |core_inst/eth_mac_inst/rx_clk|   0.000|
----------------+------------+------------+------------+------------+-----------------------------+--------+

Setup/Hold to clock clk
------------+------------+------------+------------+------------+------------------+--------+
            |Max Setup to|  Process   |Max Hold to |  Process   |                  | Clock  |
Source      | clk (edge) |   Corner   | clk (edge) |   Corner   |Internal Clock(s) | Phase  |
------------+------------+------------+------------+------------+------------------+--------+
rst         |    8.980(R)|      SLOW  |   -4.667(R)|      FAST  |clk_int           |   0.000|
------------+------------+------------+------------+------------+------------------+--------+

Clock clk to Pad
----------------+-----------------+------------+-----------------+------------+------------------+--------+
                |Max (slowest) clk|  Process   |Min (fastest) clk|  Process   |                  | Clock  |
Destination     |  (edge) to PAD  |   Corner   |  (edge) to PAD  |   Corner   |Internal Clock(s) | Phase  |
----------------+-----------------+------------+-----------------+------------+------------------+--------+
ENET0_GTX_CLK   |         6.104(R)|      SLOW  |         2.441(R)|      FAST  |clk90_int         |   0.000|
ENET0_RST_N     |        11.255(R)|      SLOW  |         5.447(R)|      FAST  |clk_int           |   0.000|
ENET0_TX_DATA<0>|         6.176(R)|      SLOW  |         2.523(R)|      FAST  |clk_int           |   0.000|
ENET0_TX_DATA<1>|         6.176(R)|      SLOW  |         2.523(R)|      FAST  |clk_int           |   0.000|
ENET0_TX_DATA<2>|         6.109(R)|      SLOW  |         2.456(R)|      FAST  |clk_int           |   0.000|
ENET0_TX_DATA<3>|         6.109(R)|      SLOW  |         2.456(R)|      FAST  |clk_int           |   0.000|
ENET0_TX_EN     |         6.079(R)|      SLOW  |         2.426(R)|      FAST  |clk_int           |   0.000|
----------------+-----------------+------------+-----------------+------------+------------------+--------+

Clock to Setup on destination clock ENET0_RX_CLK
---------------+---------+---------+---------+---------+
               | Src:Rise| Src:Fall| Src:Rise| Src:Fall|
Source Clock   |Dest:Rise|Dest:Rise|Dest:Fall|Dest:Fall|
---------------+---------+---------+---------+---------+
ENET0_RX_CLK   |    6.020|         |         |         |
clk            |    2.698|         |         |         |
---------------+---------+---------+---------+---------+

Clock to Setup on destination clock clk
---------------+---------+---------+---------+---------+
               | Src:Rise| Src:Fall| Src:Rise| Src:Fall|
Source Clock   |Dest:Rise|Dest:Rise|Dest:Fall|Dest:Fall|
---------------+---------+---------+---------+---------+
ENET0_RX_CLK   |    4.022|         |         |         |
clk            |    7.924|         |         |         |
---------------+---------+---------+---------+---------+

Pad to Pad
---------------+---------------+---------+
Source Pad     |Destination Pad|  Delay  |
---------------+---------------+---------+
push<0>        |RST_N          |   10.563|
push<1>        |RST_N          |   10.658|
sw<0>          |led<0>         |    9.255|
sw<1>          |led<1>         |    8.765|
sw<2>          |led<2>         |    9.945|
sw<3>          |led<3>         |    9.633|
sw<4>          |led<4>         |    9.257|
sw<5>          |led<5>         |    9.274|
sw<6>          |led<6>         |    9.411|
sw<7>          |led<7>         |    9.269|
---------------+---------------+---------+


Analysis completed Thu Feb 19 01:26:17 2026 
--------------------------------------------------------------------------------

Trace Settings:
-------------------------
Trace Settings 

Peak Memory Usage: 442 MB



